TAP version 13
# Subtest: TASK-0070 exact debit/credit and serialization above safe integer
ok 1 - TASK-0070 exact debit/credit and serialization above safe integer
  ---
  duration_ms: 1.933584
  ...
# Subtest: combat entities contain stable identities and integer timing independent of render transforms
ok 2 - combat entities contain stable identities and integer timing independent of render transforms
  ---
  duration_ms: 1.743083
  ...
# Subtest: attacks occur at exact configured ticks with stable order and immutable stat snapshots
ok 3 - attacks occur at exact configured ticks with stable order and immutable stat snapshots
  ---
  duration_ms: 4.506375
  ...
# Subtest: definition stays immutable and separate from independently owned instances
ok 4 - definition stays immutable and separate from independently owned instances
  ---
  duration_ms: 0.67925
  ...
# Subtest: 1000 seeded cascades conserve tier mass, terminate and reproduce results independent of presentation
ok 5 - 1000 seeded cascades conserve tier mass, terminate and reproduce results independent of presentation
  ---
  duration_ms: 550.105708
  ...
# Subtest: 60-minute reservation charges once; disabling preserves expiry; clock rollback cannot extend it
ok 6 - 60-minute reservation charges once; disabling preserves expiry; clock rollback cannot extend it
  ---
  duration_ms: 0.864333
  ...
# Subtest: definition stays immutable and separate from independently owned instances
ok 7 - definition stays immutable and separate from independently owned instances
  ---
  duration_ms: 1.370375
  ...
# Subtest: merge compatibility validates result map, family, self/max and deployed policy without mutation
ok 8 - merge compatibility validates result map, family, self/max and deployed policy without mutation
  ---
  duration_ms: 0.74925
  ...
# Subtest: ambiguous triple chooses stable low destination and stops for disabled, expired or locked entitlement
ok 9 - ambiguous triple chooses stable low destination and stops for disabled, expired or locked entitlement
  ---
  duration_ms: 0.283417
  ...
# Subtest: configured wave creates unique generation-scoped identities and no reward on spawn
ok 10 - configured wave creates unique generation-scoped identities and no reward on spawn
  ---
  duration_ms: 1.305667
  ...
# Subtest: varied render frames produce identical attacks/hits/death and wait for durable acknowledgement before clear
ok 11 - varied render frames produce identical attacks/hits/death and wait for durable acknowledgement before clear
  ---
  duration_ms: 8.00525
  ...
# Subtest: suspension freezes combat; withdrawn source cannot land a queued projectile
ok 12 - suspension freezes combat; withdrawn source cannot land a queued projectile
  ---
  duration_ms: 1.336041
  ...
# Subtest: redeploying the same owned hero does not reuse attack IDs or revive cancelled hits
ok 13 - redeploying the same owned hero does not reuse attack IDs or revive cancelled hits
  ---
  duration_ms: 1.555917
  ...
# Subtest: 15 stable slots start with five open; only explicit unlocks open others; duplicates reject
ok 14 - 15 stable slots start with five open; only explicit unlocks open others; duplicates reject
  ---
  duration_ms: 16.392792
  ...
# Subtest: timeout failure and free manual retry persist across reopen, reject stale/early calls, and cannot replay
ok 15 - timeout failure and free manual retry persist across reopen, reject stale/early calls, and cannot replay
  ---
  duration_ms: 16.015084
  ...
# Subtest: configured deadline is 160 ticks; lethal tie wins, later hit loses, terminal result stays exclusive
ok 16 - configured deadline is 160 ticks; lethal tie wins, later hit loses, terminal result stays exclusive
  ---
  duration_ms: 0.549041
  ...
# Subtest: foreground fixed ticks define the deadline; suspension and catch-up caps cannot consume background wall time
ok 17 - foreground fixed ticks define the deadline; suspension and catch-up caps cannot consume background wall time
  ---
  duration_ms: 0.220542
  ...
# Subtest: split elapsed batches yield the same ticks; stalls are bounded; suspend drops background time
ok 18 - split elapsed batches yield the same ticks; stalls are bounded; suspend drops background time
  ---
  duration_ms: 19.710041
  ...
# Subtest: combat entities contain stable identities and integer timing independent of render transforms
ok 19 - combat entities contain stable identities and integer timing independent of render transforms
  ---
  duration_ms: 0.644958
  ...
# Subtest: TASK-0050 validates shape before semantics, reports file+field, immutable result
ok 20 - TASK-0050 validates shape before semantics, reports file+field, immutable result
  ---
  duration_ms: 1.888083
  ...
# Subtest: combat entities contain stable identities and integer timing independent of render transforms
ok 21 - combat entities contain stable identities and integer timing independent of render transforms
  ---
  duration_ms: 2.497083
  ...
# Subtest: due hits resolve once in stable order; dead/stale targets and removed sources cancel; capacity failure is atomic
ok 22 - due hits resolve once in stable order; dead/stale targets and removed sources cancel; capacity failure is atomic
  ---
  duration_ms: 0.885792
  ...
# Subtest: integer critical rounding, defense, min damage and HP clamp; duplicate hit never draws or damages again
ok 23 - integer critical rounding, defense, min damage and HP clamp; duplicate hit never draws or damages again
  ---
  duration_ms: 0.534334
  ...
# Subtest: combat entities contain stable identities and integer timing independent of render transforms
ok 24 - combat entities contain stable identities and integer timing independent of render transforms
  ---
  duration_ms: 4.719209
  ...
# Subtest: due hits resolve once in stable order; dead/stale targets and removed sources cancel; capacity failure is atomic
ok 25 - due hits resolve once in stable order; dead/stale targets and removed sources cancel; capacity failure is atomic
  ---
  duration_ms: 0.969458
  ...
# Subtest: simultaneous lethal hits yield one death and one immutable encounter-specific reward source
ok 26 - simultaneous lethal hits yield one death and one immutable encounter-specific reward source
  ---
  duration_ms: 1.644542
  ...
# Subtest: definition stays immutable and separate from independently owned instances
ok 27 - definition stays immutable and separate from independently owned instances
  ---
  duration_ms: 0.810667
  ...
# Subtest: merge compatibility validates result map, family, self/max and deployed policy without mutation
ok 28 - merge compatibility validates result map, family, self/max and deployed policy without mutation
  ---
  duration_ms: 1.606583
  ...
# Subtest: deployment retains ownership/slot; cap and missing hero reject; repeated withdrawal is harmless
ok 29 - deployment retains ownership/slot; cap and missing hero reject; repeated withdrawal is harmless
  ---
  duration_ms: 1.311458
  ...
# Subtest: tier discovery pays once with a durable source token and missing reward cannot partially mark tier
ok 30 - tier discovery pays once with a durable source token and missing reward cannot partially mark tier
  ---
  duration_ms: 1.263333
  ...
# Subtest: TASK-0072 queue, stale revision, invalid draft/RNG rollback and duplicate identity
ok 31 - TASK-0072 queue, stale revision, invalid draft/RNG rollback and duplicate identity
  ---
  duration_ms: 3.031791
  ...
# Subtest: definition stays immutable and separate from independently owned instances
ok 32 - definition stays immutable and separate from independently owned instances
  ---
  duration_ms: 8.662208
  ...
# Subtest: combat entities contain stable identities and integer timing independent of render transforms
ok 33 - combat entities contain stable identities and integer timing independent of render transforms
  ---
  duration_ms: 0.7045
  ...
# Subtest: due hits resolve once in stable order; dead/stale targets and removed sources cancel; capacity failure is atomic
ok 34 - due hits resolve once in stable order; dead/stale targets and removed sources cancel; capacity failure is atomic
  ---
  duration_ms: 0.682875
  ...
# Subtest: 20 rapid purchases serialize with cascades, spend exact funds and survive interrupted observers
ok 35 - 20 rapid purchases serialize with cascades, spend exact funds and survive interrupted observers
  ---
  duration_ms: 111.494417
  ...
# Subtest: deployed pair merges on a full board; failed flush restores either whole transaction, never half a merge
ok 36 - deployed pair merges on a full board; failed flush restores either whole transaction, never half a merge
  ---
  duration_ms: 1.245875
  ...
# Subtest: kill, RNG and next encounter commit atomically; duplicate/reopen/pruned receipts never pay twice
ok 37 - kill, RNG and next encounter commit atomically; duplicate/reopen/pruned receipts never pay twice
  ---
  duration_ms: 170.64025
  ...
# Subtest: save failures retain the old whole state and retry exact kill sources
ok 38 - save failures retain the old whole state and retry exact kill sources
  ---
  duration_ms: 2.414917
  ...
# Subtest: forged source, duplicate entity and unsupported reward definition are rejected
ok 39 - forged source, duplicate entity and unsupported reward definition are rejected
  ---
  duration_ms: 1.308458
  ...
# Subtest: definition stays immutable and separate from independently owned instances
ok 40 - definition stays immutable and separate from independently owned instances
  ---
  duration_ms: 58.280417
  ...
# Subtest: merge compatibility validates result map, family, self/max and deployed policy without mutation
ok 41 - merge compatibility validates result map, family, self/max and deployed policy without mutation
  ---
  duration_ms: 1.4705
  ...
# Subtest: definition stays immutable and separate from independently owned instances
ok 42 - definition stays immutable and separate from independently owned instances
  ---
  duration_ms: 1.736667
  ...
# Subtest: merge compatibility validates result map, family, self/max and deployed policy without mutation
ok 43 - merge compatibility validates result map, family, self/max and deployed policy without mutation
  ---
  duration_ms: 0.756292
  ...
# Subtest: merge consumes two into destination once, discovery shares transaction, failure restores both
ok 44 - merge consumes two into destination once, discovery shares transaction, failure restores both
  ---
  duration_ms: 12.403041
  ...
# Subtest: definition stays immutable and separate from independently owned instances
ok 45 - definition stays immutable and separate from independently owned instances
  ---
  duration_ms: 1.553
  ...
# Subtest: quotes expose exact funds, full/locked/table-end reasons with no mutation
ok 46 - quotes expose exact funds, full/locked/table-end reasons with no mutation
  ---
  duration_ms: 2.956417
  ...
# Subtest: definition stays immutable and separate from independently owned instances
ok 47 - definition stays immutable and separate from independently owned instances
  ---
  duration_ms: 0.731542
  ...
# Subtest: quotes expose exact funds, full/locked/table-end reasons with no mutation
ok 48 - quotes expose exact funds, full/locked/table-end reasons with no mutation
  ---
  duration_ms: 0.939166
  ...
# Subtest: 20 queued purchases accept exactly five slots, no negative balance, and survive duplicate after reload
ok 49 - 20 queued purchases accept exactly five slots, no negative balance, and survive duplicate after reload
  ---
  duration_ms: 13.410166
  ...
# Subtest: equal price buys once; one less and failed save leave every authoritative field unchanged
ok 50 - equal price buys once; one less and failed save leave every authoritative field unchanged
  ---
  duration_ms: 2.93575
  ...
# Subtest: unreviewed policies rejected; chapter enemy counterattacks explicitly disabled
ok 51 - unreviewed policies rejected; chapter enemy counterattacks explicitly disabled
  ---
  duration_ms: 2.494875
  ...
# Subtest: mixed grants are exact, atomic and source-idempotent even with another command ID
ok 52 - mixed grants are exact, atomic and source-idempotent even with another command ID
  ---
  duration_ms: 1.084041
  ...
# Subtest: failed durable reward emits nothing; retry and reentrant duplicate pay once
ok 53 - failed durable reward emits nothing; retry and reentrant duplicate pay once
  ---
  duration_ms: 110.116208
  ...
# Subtest: xoshiro known vector, restore and stream independence
ok 54 - xoshiro known vector, restore and stream independence
  ---
  duration_ms: 30.423708
  ...
# Subtest: canonical roundtrip validates entire schema, corruption, future data and malformed nested state
ok 55 - canonical roundtrip validates entire schema, corruption, future data and malformed nested state
  ---
  duration_ms: 53.969458
  ...
# Subtest: recovery selects newest supported generation and retains corrupt/future/conflicting bytes without reset
ok 56 - recovery selects newest supported generation and retains corrupt/future/conflicting bytes without reset
  ---
  duration_ms: 89.567333
  ...
# Subtest: selectors preserve state and derive numeric values from authoritative inputs
ok 57 - selectors preserve state and derive numeric values from authoritative inputs
  ---
  duration_ms: 9.198625
  ...
# Subtest: TASK-0051 immutable copy, stable order, reentrant queue, observer isolation and disposal
ok 58 - TASK-0051 immutable copy, stable order, reentrant queue, observer isolation and disposal
  ---
  duration_ms: 0.950875
  ...
# Subtest: TASK-0052 deterministic ports, namespace isolation, injected save failure leaves prior bytes
ok 59 - TASK-0052 deterministic ports, namespace isolation, injected save failure leaves prior bytes
  ---
  duration_ms: 0.41775
  ...
# Subtest: UT007/008/020: twenty seeded hits are identical across 120/60/30/10 FPS and reduced cosmetic budgets
ok 60 - UT007/008/020: twenty seeded hits are identical across 120/60/30/10 FPS and reduced cosmetic budgets
  ---
  duration_ms: 35.084791
  ...
# Subtest: UT009: mutual lethal hits resolve once in the same tick and wait for durable reward acknowledgement
ok 61 - UT009: mutual lethal hits resolve once in the same tick and wait for durable reward acknowledgement
  ---
  duration_ms: 1.602291
  ...
# Subtest: UT010/020: zero targets and suspended clocks neither attack nor invent elapsed combat
ok 62 - UT010/020: zero targets and suspended clocks neither attack nor invent elapsed combat
  ---
  duration_ms: 0.605875
  ...
# Subtest: UT010: stale target/encounter and saturated hit pool fail without retargeting or partial enqueue
ok 63 - UT010: stale target/encounter and saturated hit pool fail without retargeting or partial enqueue
  ---
  duration_ms: 3.047
  ...
# Subtest: UT007: zero damage consumes no RNG; maximum safe hit clamps HP; overflow leaves target unchanged
ok 64 - UT007: zero damage consumes no RNG; maximum safe hit clamps HP; overflow leaves target unchanged
  ---
  duration_ms: 2.306333
  ...
# Subtest: six-stage chain yields identical durable results at 16/33/100ms cadence; terminal farm never repeats first-clear
ok 65 - six-stage chain yields identical durable results at 16/33/100ms cadence; terminal farm never repeats first-clear
  ---
  duration_ms: 1575.6155
  ...
# Subtest: failed boss survives save/reopen; retry creates new identity and rejects an uncommitted stale kill
ok 66 - failed boss survives save/reopen; retry creates new identity and rejects an uncommitted stale kill
  ---
  duration_ms: 14.338083
  ...
# Subtest: actual scheduled hit wins exactly on boss deadline; the previous tick deadline fails with no first-clear
ok 67 - actual scheduled hit wins exactly on boss deadline; the previous tick deadline fails with no first-clear
  ---
  duration_ms: 2.081625
  ...
# Subtest: active application boundary rejects wrong wave, nonexistent entity, altered reward and incomplete clear
ok 68 - active application boundary rejects wrong wave, nonexistent entity, altered reward and incomplete clear
  ---
  duration_ms: 3.776958
  ...
# Subtest: configured wave creates unique generation-scoped identities and no reward on spawn
ok 69 - configured wave creates unique generation-scoped identities and no reward on spawn
  ---
  duration_ms: 10.734042
  ...
# Subtest: explicit six-stage graph preserves ordinal/waves/terminal and unique manual boss farm references
ok 70 - explicit six-stage graph preserves ordinal/waves/terminal and unique manual boss farm references
  ---
  duration_ms: 0.903875
  ...
# Subtest: reject duplicate ordinals, dangling next/enemy/world/reward, cycle and invalid farm/timer/capacity
ok 71 - reject duplicate ordinals, dangling next/enemy/world/reward, cycle and invalid farm/timer/capacity
  ---
  duration_ms: 10.15475
  ...
# Subtest: only the matching recorded final death advances; duplicate/stale notifications do nothing
ok 72 - only the matching recorded final death advances; duplicate/stale notifications do nothing
  ---
  duration_ms: 1.554917
  ...
# Subtest: sequential waves persist their cursor; manual farm stays put; terminal stage is repeatable
ok 73 - sequential waves persist their cursor; manual farm stays put; terminal stage is repeatable
  ---
  duration_ms: 0.268
  ...
# Subtest: first clear is once per stage across repeat farming, pruning, reopen, and out-of-order lower clear
ok 74 - first clear is once per stage across repeat farming, pruning, reopen, and out-of-order lower clear
  ---
  duration_ms: 4.55975
  ...
# Subtest: kill + first clear + next stage share one durable barrier; no advance/grant on failure
ok 75 - kill + first clear + next stage share one durable barrier; no advance/grant on failure
  ---
  duration_ms: 5.528
  ...
# Subtest: TASK-0071 normalized schema-compatible state and owned/board/deployed invariants
ok 76 - TASK-0071 normalized schema-compatible state and owned/board/deployed invariants
  ---
  duration_ms: 1.506708
  ...
# Subtest: combat entities contain stable identities and integer timing independent of render transforms
ok 77 - combat entities contain stable identities and integer timing independent of render transforms
  ---
  duration_ms: 0.640625
  ...
# Subtest: spawn ordinal/ID ties are stable; dead, wrong encounter and disabled attackers clear stale targets
ok 78 - spawn ordinal/ID ties are stable; dead, wrong encounter and disabled attackers clear stale targets
  ---
  duration_ms: 0.208833
  ...
# Subtest: TASK-0073 write/read/flush failure preserves authoritative state/RNG/events and stable retry
ok 79 - TASK-0073 write/read/flush failure preserves authoritative state/RNG/events and stable retry
  ---
  duration_ms: 16.386375
  ...
# Subtest: TASK-0073 pending durability barrier publishes nothing before acknowledgement
ok 80 - TASK-0073 pending durability barrier publishes nothing before acknowledgement
  ---
  duration_ms: 1.251875
  ...
# Subtest: retry after acknowledged bytes but failed flush reuses timestamp under generation CAS; unrelated candidate cannot overwrite
ok 81 - retry after acknowledged bytes but failed flush reuses timestamp under generation CAS; unrelated candidate cannot overwrite
  ---
  duration_ms: 12.320125
  ...
# Subtest: 64 generated boards and 1024 reward/reject/retry commands preserve ownership, balance and watermarks
ok 82 - 64 generated boards and 1024 reward/reject/retry commands preserve ownership, balance and watermarks
  ---
  duration_ms: 1309.229583
  ...
# Subtest: nested allOf/anyOf respects each threshold; invalid/cyclic conditions cannot be enabled
ok 83 - nested allOf/anyOf respects each threshold; invalid/cyclic conditions cannot be enabled
  ---
  duration_ms: 0.970708
  ...
# Subtest: stage-three/final clears open rows; announcements survive reload independently and once only
ok 84 - stage-three/final clears open rows; announcements survive reload independently and once only
  ---
  duration_ms: 2.349125
  ...
# Subtest: all source matrix events have runtime profiles with explicit reduced/low fallbacks
ok 85 - all source matrix events have runtime profiles with explicit reduced/low fallbacks
  ---
  duration_ms: 2.454917
  ...
# Subtest: death interrupts attack once; repeated hits and stale callbacks cannot restart or resurrect a reused target
ok 86 - death interrupts attack once; repeated hits and stale callbacks cannot restart or resurrect a reused target
  ---
  duration_ms: 0.343583
  ...
# Subtest: mode switch and scene exit reset every cosmetic resource without changing the core snapshot
ok 87 - mode switch and scene exit reset every cosmetic resource without changing the core snapshot
  ---
  duration_ms: 0.661417
  ...
# Subtest: synchronous completion and failed starts leave no active handle or retained resource
ok 88 - synchronous completion and failed starts leave no active handle or retained resource
  ---
  duration_ms: 0.140917
  ...
# Subtest: presenter maps safe-area coordinates and cancellation/multi-pointer/stale/max drops preserve state
ok 89 - presenter maps safe-area coordinates and cancellation/multi-pointer/stale/max drops preserve state
  ---
  duration_ms: 84.51325
  ...
# Subtest: actual runtime stops at failed durable reward, retries once, then spawns fresh encounter after foreground transition
ok 90 - actual runtime stops at failed durable reward, retries once, then spawns fresh encounter after foreground transition
  ---
  duration_ms: 127.792292
  ...
# Subtest: labels show exact applied damage, isolate critical style, bound overlap and reject stale releases/replayed events
ok 91 - labels show exact applied damage, isolate critical style, bound overlap and reject stale releases/replayed events
  ---
  duration_ms: 9.091875
  ...
# Subtest: saturation drops cosmetic acquisition; recycled lease cannot be released by an old completion
ok 92 - saturation drops cosmetic acquisition; recycled lease cannot be released by an old completion
  ---
  duration_ms: 13.18125
  ...
# Subtest: director cancellation midway releases all owned callbacks; repeated scenes return to baseline
ok 93 - director cancellation midway releases all owned callbacks; repeated scenes return to baseline
  ---
  duration_ms: 28.616458
  ...
# Subtest: one failing cleanup cannot leak sibling resources or recycle a value before reset finishes
ok 94 - one failing cleanup cannot leak sibling resources or recycle a value before reset finishes
  ---
  duration_ms: 0.925417
  ...
# Subtest: failed resets quarantine the slot; scene disposal still cleans sibling effects
ok 95 - failed resets quarantine the slot; scene disposal still cleans sibling effects
  ---
  duration_ms: 1.8035
  ...
# Subtest: boss profiles differ while reduced motion retains opacity-only completion
ok 96 - boss profiles differ while reduced motion retains opacity-only completion
  ---
  duration_ms: 0.546
  ...
# Subtest: boss scene exit during death releases cosmetic ownership; stale callback cannot remove the new encounter
ok 97 - boss scene exit during death releases cosmetic ownership; stale callback cannot remove the new encounter
  ---
  duration_ms: 0.569666
  ...
# Subtest: enemy leases release after death and stale completion cannot touch a reused view
ok 98 - enemy leases release after death and stale completion cannot touch a reused view
  ---
  duration_ms: 0.8715
  ...
# Subtest: hit markers align to actual 0/50/150/350ms domain deadlines, including late presentation
ok 99 - hit markers align to actual 0/50/150/350ms domain deadlines, including late presentation
  ---
  duration_ms: 5.141375
  ...
# Subtest: hit interrupts an attack; death rejects subsequent hit callbacks and target generation changes
ok 100 - hit interrupts an attack; death rejects subsequent hit callbacks and target generation changes
  ---
  duration_ms: 0.332959
  ...
# Subtest: all ten calibrated families have contain-correct anchors and bounded spawn overshoot
ok 101 - all ten calibrated families have contain-correct anchors and bounded spawn overshoot
  ---
  duration_ms: 1.812792
  ...
# Subtest: hero projection preserves canonical anchors and semantic identity without modifying combat
ok 102 - hero projection preserves canonical anchors and semantic identity without modifying combat
  ---
  duration_ms: 1.650167
  ...
# Subtest: the same owned hero carries a new combat identity when encounter attack sequences restart
ok 103 - the same owned hero carries a new combat identity when encounter attack sequences restart
  ---
  duration_ms: 5.541334
  ...
# Subtest: modal/tutorial priority, single owner and closing pointer-up consumption
ok 104 - modal/tutorial priority, single owner and closing pointer-up consumption
  ---
  duration_ms: 0.554667
  ...
# Subtest: merge presentation begins after durable commit, deduplicates replay and cancellation preserves the result and reward
ok 105 - merge presentation begins after durable commit, deduplicates replay and cancellation preserves the result and reward
  ---
  duration_ms: 106.122917
  ...
# Subtest: failed saves never create merge ghosts, hide board heroes or grant discovery
ok 106 - failed saves never create merge ghosts, hide board heroes or grant discovery
  ---
  duration_ms: 2.952958
  ...
# Subtest: timeline joins convergence, shrink, reveal and settle at 650ms
ok 107 - timeline joins convergence, shrink, reveal and settle at 650ms
  ---
  duration_ms: 0.336292
  ...
# Subtest: native contract serializes temporary replace and preserves active candidates on transport failure
ok 108 - native contract serializes temporary replace and preserves active candidates on transport failure
  ---
  duration_ms: 0.919833
  ...
# Subtest: configured wave creates unique generation-scoped identities and no reward on spawn
ok 109 - configured wave creates unique generation-scoped identities and no reward on spawn
  ---
  duration_ms: 1.496959
  ...
# Subtest: varied render frames produce identical attacks/hits/death and wait for durable acknowledgement before clear
ok 110 - varied render frames produce identical attacks/hits/death and wait for durable acknowledgement before clear
  ---
  duration_ms: 5.317875
  ...
# Subtest: suspension freezes combat; withdrawn source cannot land a queued projectile
ok 111 - suspension freezes combat; withdrawn source cannot land a queued projectile
  ---
  duration_ms: 0.462333
  ...
# Subtest: redeploying the same owned hero does not reuse attack IDs or revive cancelled hits
ok 112 - redeploying the same owned hero does not reuse attack IDs or revive cancelled hits
  ---
  duration_ms: 8.335958
  ...
# Subtest: projectiles project only live current-generation hits; cosmetic pool exhaustion cannot change combat
ok 113 - projectiles project only live current-generation hits; cosmetic pool exhaustion cannot change combat
  ---
  duration_ms: 0.63025
  ...
# Subtest: hold serializes purchases; release, cancel, rejection and background leave no repeating work
ok 114 - hold serializes purchases; release, cancel, rejection and background leave no repeating work
  ---
  duration_ms: 0.658125
  ...
# Subtest: actual application reducer/runtime project sequential waves, first clear, boss timeout, farming and fresh retry
ok 115 - actual application reducer/runtime project sequential waves, first clear, boss timeout, farming and fresh retry
  ---
  duration_ms: 100.271125
  ...
1..115
# tests 115
# suites 0
# pass 115
# fail 0
# cancelled 0
# skipped 0
# todo 0
# duration_ms 4789.248875
