TAP version 13
# Subtest: six-stage chain yields identical durable results at 16/33/100ms cadence; terminal farm never repeats first-clear
ok 1 - six-stage chain yields identical durable results at 16/33/100ms cadence; terminal farm never repeats first-clear
  ---
  duration_ms: 148.997875
  ...
# Subtest: failed boss survives save/reopen; retry creates new identity and rejects an uncommitted stale kill
ok 2 - failed boss survives save/reopen; retry creates new identity and rejects an uncommitted stale kill
  ---
  duration_ms: 6.824834
  ...
# Subtest: actual scheduled hit wins exactly on boss deadline; the previous tick deadline fails with no first-clear
ok 3 - actual scheduled hit wins exactly on boss deadline; the previous tick deadline fails with no first-clear
  ---
  duration_ms: 1.91725
  ...
# Subtest: active application boundary rejects wrong wave, nonexistent entity, altered reward and incomplete clear
ok 4 - active application boundary rejects wrong wave, nonexistent entity, altered reward and incomplete clear
  ---
  duration_ms: 3.926167
  ...
1..4
# tests 4
# suites 0
# pass 4
# fail 0
# cancelled 0
# skipped 0
# todo 0
# duration_ms 600.622417
