TAP version 13
# Subtest: TASK-0070 exact debit/credit and serialization above safe integer
ok 1 - TASK-0070 exact debit/credit and serialization above safe integer
  ---
  duration_ms: 1.837333
  ...
# Subtest: combat entities contain stable identities and integer timing independent of render transforms
ok 2 - combat entities contain stable identities and integer timing independent of render transforms
  ---
  duration_ms: 2.252708
  ...
# Subtest: attacks occur at exact configured ticks with stable order and immutable stat snapshots
ok 3 - attacks occur at exact configured ticks with stable order and immutable stat snapshots
  ---
  duration_ms: 4.559125
  ...
# Subtest: definition stays immutable and separate from independently owned instances
ok 4 - definition stays immutable and separate from independently owned instances
  ---
  duration_ms: 0.803542
  ...
# Subtest: 1000 seeded cascades conserve tier mass, terminate and reproduce results independent of presentation
ok 5 - 1000 seeded cascades conserve tier mass, terminate and reproduce results independent of presentation
  ---
  duration_ms: 1075.796041
  ...
# Subtest: 60-minute reservation charges once; disabling preserves expiry; clock rollback cannot extend it
ok 6 - 60-minute reservation charges once; disabling preserves expiry; clock rollback cannot extend it
  ---
  duration_ms: 0.975875
  ...
# Subtest: definition stays immutable and separate from independently owned instances
ok 7 - definition stays immutable and separate from independently owned instances
  ---
  duration_ms: 0.773417
  ...
# Subtest: merge compatibility validates result map, family, self/max and deployed policy without mutation
ok 8 - merge compatibility validates result map, family, self/max and deployed policy without mutation
  ---
  duration_ms: 0.7895
  ...
# Subtest: ambiguous triple chooses stable low destination and stops for disabled, expired or locked entitlement
ok 9 - ambiguous triple chooses stable low destination and stops for disabled, expired or locked entitlement
  ---
  duration_ms: 0.344083
  ...
# Subtest: configured wave creates unique generation-scoped identities and no reward on spawn
ok 10 - configured wave creates unique generation-scoped identities and no reward on spawn
  ---
  duration_ms: 3.028708
  ...
# Subtest: varied render frames produce identical attacks/hits/death and wait for durable acknowledgement before clear
ok 11 - varied render frames produce identical attacks/hits/death and wait for durable acknowledgement before clear
  ---
  duration_ms: 8.61275
  ...
# Subtest: suspension freezes combat; withdrawn source cannot land a queued projectile
ok 12 - suspension freezes combat; withdrawn source cannot land a queued projectile
  ---
  duration_ms: 0.898458
  ...
# Subtest: redeploying the same owned hero does not reuse attack IDs or revive cancelled hits
ok 13 - redeploying the same owned hero does not reuse attack IDs or revive cancelled hits
  ---
  duration_ms: 0.455708
  ...
# Subtest: 15 stable slots start with five open; only explicit unlocks open others; duplicates reject
ok 14 - 15 stable slots start with five open; only explicit unlocks open others; duplicates reject
  ---
  duration_ms: 4.274375
  ...
# Subtest: timeout failure and free manual retry persist across reopen, reject stale/early calls, and cannot replay
ok 15 - timeout failure and free manual retry persist across reopen, reject stale/early calls, and cannot replay
  ---
  duration_ms: 21.391292
  ...
# Subtest: configured deadline is 160 ticks; lethal tie wins, later hit loses, terminal result stays exclusive
ok 16 - configured deadline is 160 ticks; lethal tie wins, later hit loses, terminal result stays exclusive
  ---
  duration_ms: 1.657541
  ...
# Subtest: foreground fixed ticks define the deadline; suspension and catch-up caps cannot consume background wall time
ok 17 - foreground fixed ticks define the deadline; suspension and catch-up caps cannot consume background wall time
  ---
  duration_ms: 0.462708
  ...
# Subtest: split elapsed batches yield the same ticks; stalls are bounded; suspend drops background time
ok 18 - split elapsed batches yield the same ticks; stalls are bounded; suspend drops background time
  ---
  duration_ms: 1.126416
  ...
# Subtest: combat entities contain stable identities and integer timing independent of render transforms
ok 19 - combat entities contain stable identities and integer timing independent of render transforms
  ---
  duration_ms: 7.137709
  ...
# Subtest: TASK-0050 validates shape before semantics, reports file+field, immutable result
ok 20 - TASK-0050 validates shape before semantics, reports file+field, immutable result
  ---
  duration_ms: 2.326083
  ...
# Subtest: combat entities contain stable identities and integer timing independent of render transforms
ok 21 - combat entities contain stable identities and integer timing independent of render transforms
  ---
  duration_ms: 0.721
  ...
# Subtest: due hits resolve once in stable order; dead/stale targets and removed sources cancel; capacity failure is atomic
ok 22 - due hits resolve once in stable order; dead/stale targets and removed sources cancel; capacity failure is atomic
  ---
  duration_ms: 24.698583
  ...
# Subtest: integer critical rounding, defense, min damage and HP clamp; duplicate hit never draws or damages again
ok 23 - integer critical rounding, defense, min damage and HP clamp; duplicate hit never draws or damages again
  ---
  duration_ms: 0.78725
  ...
# Subtest: combat entities contain stable identities and integer timing independent of render transforms
ok 24 - combat entities contain stable identities and integer timing independent of render transforms
  ---
  duration_ms: 32.058417
  ...
# Subtest: due hits resolve once in stable order; dead/stale targets and removed sources cancel; capacity failure is atomic
ok 25 - due hits resolve once in stable order; dead/stale targets and removed sources cancel; capacity failure is atomic
  ---
  duration_ms: 1.201375
  ...
# Subtest: simultaneous lethal hits yield one death and one immutable encounter-specific reward source
ok 26 - simultaneous lethal hits yield one death and one immutable encounter-specific reward source
  ---
  duration_ms: 0.431625
  ...
# Subtest: definition stays immutable and separate from independently owned instances
ok 27 - definition stays immutable and separate from independently owned instances
  ---
  duration_ms: 0.754209
  ...
# Subtest: merge compatibility validates result map, family, self/max and deployed policy without mutation
ok 28 - merge compatibility validates result map, family, self/max and deployed policy without mutation
  ---
  duration_ms: 0.866916
  ...
# Subtest: deployment retains ownership/slot; cap and missing hero reject; repeated withdrawal is harmless
ok 29 - deployment retains ownership/slot; cap and missing hero reject; repeated withdrawal is harmless
  ---
  duration_ms: 0.62725
  ...
# Subtest: tier discovery pays once with a durable source token and missing reward cannot partially mark tier
ok 30 - tier discovery pays once with a durable source token and missing reward cannot partially mark tier
  ---
  duration_ms: 3.380375
  ...
# Subtest: TASK-0072 queue, stale revision, invalid draft/RNG rollback and duplicate identity
ok 31 - TASK-0072 queue, stale revision, invalid draft/RNG rollback and duplicate identity
  ---
  duration_ms: 4.621334
  ...
# Subtest: definition stays immutable and separate from independently owned instances
ok 32 - definition stays immutable and separate from independently owned instances
  ---
  duration_ms: 0.714709
  ...
# Subtest: combat entities contain stable identities and integer timing independent of render transforms
ok 33 - combat entities contain stable identities and integer timing independent of render transforms
  ---
  duration_ms: 26.760875
  ...
# Subtest: due hits resolve once in stable order; dead/stale targets and removed sources cancel; capacity failure is atomic
ok 34 - due hits resolve once in stable order; dead/stale targets and removed sources cancel; capacity failure is atomic
  ---
  duration_ms: 13.612208
  ...
# Subtest: 20 rapid purchases serialize with cascades, spend exact funds and survive interrupted observers
ok 35 - 20 rapid purchases serialize with cascades, spend exact funds and survive interrupted observers
  ---
  duration_ms: 253.610167
  ...
# Subtest: deployed pair merges on a full board; failed flush restores either whole transaction, never half a merge
ok 36 - deployed pair merges on a full board; failed flush restores either whole transaction, never half a merge
  ---
  duration_ms: 2.9235
  ...
# Subtest: kill, RNG and next encounter commit atomically; duplicate/reopen/pruned receipts never pay twice
ok 37 - kill, RNG and next encounter commit atomically; duplicate/reopen/pruned receipts never pay twice
  ---
  duration_ms: 195.526834
  ...
# Subtest: save failures retain the old whole state and retry exact kill sources
ok 38 - save failures retain the old whole state and retry exact kill sources
  ---
  duration_ms: 5.534792
  ...
# Subtest: forged source, duplicate entity and unsupported reward definition are rejected
ok 39 - forged source, duplicate entity and unsupported reward definition are rejected
  ---
  duration_ms: 0.65325
  ...
# Subtest: definition stays immutable and separate from independently owned instances
ok 40 - definition stays immutable and separate from independently owned instances
  ---
  duration_ms: 1.853583
  ...
# Subtest: merge compatibility validates result map, family, self/max and deployed policy without mutation
ok 41 - merge compatibility validates result map, family, self/max and deployed policy without mutation
  ---
  duration_ms: 1.534791
  ...
# Subtest: definition stays immutable and separate from independently owned instances
ok 42 - definition stays immutable and separate from independently owned instances
  ---
  duration_ms: 0.718583
  ...
# Subtest: merge compatibility validates result map, family, self/max and deployed policy without mutation
ok 43 - merge compatibility validates result map, family, self/max and deployed policy without mutation
  ---
  duration_ms: 0.733875
  ...
# Subtest: merge consumes two into destination once, discovery shares transaction, failure restores both
ok 44 - merge consumes two into destination once, discovery shares transaction, failure restores both
  ---
  duration_ms: 45.074041
  ...
# Subtest: definition stays immutable and separate from independently owned instances
ok 45 - definition stays immutable and separate from independently owned instances
  ---
  duration_ms: 0.727333
  ...
# Subtest: quotes expose exact funds, full/locked/table-end reasons with no mutation
ok 46 - quotes expose exact funds, full/locked/table-end reasons with no mutation
  ---
  duration_ms: 0.799708
  ...
# Subtest: definition stays immutable and separate from independently owned instances
ok 47 - definition stays immutable and separate from independently owned instances
  ---
  duration_ms: 1.181167
  ...
# Subtest: quotes expose exact funds, full/locked/table-end reasons with no mutation
ok 48 - quotes expose exact funds, full/locked/table-end reasons with no mutation
  ---
  duration_ms: 92.191875
  ...
# Subtest: 20 queued purchases accept exactly five slots, no negative balance, and survive duplicate after reload
ok 49 - 20 queued purchases accept exactly five slots, no negative balance, and survive duplicate after reload
  ---
  duration_ms: 65.128875
  ...
# Subtest: equal price buys once; one less and failed save leave every authoritative field unchanged
ok 50 - equal price buys once; one less and failed save leave every authoritative field unchanged
  ---
  duration_ms: 1.528458
  ...
# Subtest: mixed grants are exact, atomic and source-idempotent even with another command ID
ok 51 - mixed grants are exact, atomic and source-idempotent even with another command ID
  ---
  duration_ms: 1.258208
  ...
# Subtest: failed durable reward emits nothing; retry and reentrant duplicate pay once
ok 52 - failed durable reward emits nothing; retry and reentrant duplicate pay once
  ---
  duration_ms: 12.597833
  ...
# Subtest: xoshiro known vector, restore and stream independence
ok 53 - xoshiro known vector, restore and stream independence
  ---
  duration_ms: 15.25675
  ...
# Subtest: canonical roundtrip validates entire schema, corruption, future data and malformed nested state
ok 54 - canonical roundtrip validates entire schema, corruption, future data and malformed nested state
  ---
  duration_ms: 22.372
  ...
# Subtest: recovery selects newest supported generation and retains corrupt/future/conflicting bytes without reset
ok 55 - recovery selects newest supported generation and retains corrupt/future/conflicting bytes without reset
  ---
  duration_ms: 17.743791
  ...
# Subtest: selectors preserve state and derive numeric values from authoritative inputs
ok 56 - selectors preserve state and derive numeric values from authoritative inputs
  ---
  duration_ms: 3.111208
  ...
# Subtest: TASK-0051 immutable copy, stable order, reentrant queue, observer isolation and disposal
ok 57 - TASK-0051 immutable copy, stable order, reentrant queue, observer isolation and disposal
  ---
  duration_ms: 19.397833
  ...
# Subtest: TASK-0052 deterministic ports, namespace isolation, injected save failure leaves prior bytes
ok 58 - TASK-0052 deterministic ports, namespace isolation, injected save failure leaves prior bytes
  ---
  duration_ms: 0.453625
  ...
# Subtest: six-stage chain yields identical durable results at 16/33/100ms cadence; terminal farm never repeats first-clear
ok 59 - six-stage chain yields identical durable results at 16/33/100ms cadence; terminal farm never repeats first-clear
  ---
  duration_ms: 2040.785833
  ...
# Subtest: failed boss survives save/reopen; retry creates new identity and rejects an uncommitted stale kill
ok 60 - failed boss survives save/reopen; retry creates new identity and rejects an uncommitted stale kill
  ---
  duration_ms: 93.452209
  ...
# Subtest: actual scheduled hit wins exactly on boss deadline; the previous tick deadline fails with no first-clear
ok 61 - actual scheduled hit wins exactly on boss deadline; the previous tick deadline fails with no first-clear
  ---
  duration_ms: 8.051667
  ...
# Subtest: active application boundary rejects wrong wave, nonexistent entity, altered reward and incomplete clear
ok 62 - active application boundary rejects wrong wave, nonexistent entity, altered reward and incomplete clear
  ---
  duration_ms: 0.910416
  ...
# Subtest: configured wave creates unique generation-scoped identities and no reward on spawn
ok 63 - configured wave creates unique generation-scoped identities and no reward on spawn
  ---
  duration_ms: 1.540959
  ...
# Subtest: explicit six-stage graph preserves ordinal/waves/terminal and unique manual boss farm references
ok 64 - explicit six-stage graph preserves ordinal/waves/terminal and unique manual boss farm references
  ---
  duration_ms: 1.613667
  ...
# Subtest: reject duplicate ordinals, dangling next/enemy/world/reward, cycle and invalid farm/timer/capacity
ok 65 - reject duplicate ordinals, dangling next/enemy/world/reward, cycle and invalid farm/timer/capacity
  ---
  duration_ms: 4.785334
  ...
# Subtest: only the matching recorded final death advances; duplicate/stale notifications do nothing
ok 66 - only the matching recorded final death advances; duplicate/stale notifications do nothing
  ---
  duration_ms: 3.06975
  ...
# Subtest: sequential waves persist their cursor; manual farm stays put; terminal stage is repeatable
ok 67 - sequential waves persist their cursor; manual farm stays put; terminal stage is repeatable
  ---
  duration_ms: 0.33725
  ...
# Subtest: first clear is once per stage across repeat farming, pruning, reopen, and out-of-order lower clear
ok 68 - first clear is once per stage across repeat farming, pruning, reopen, and out-of-order lower clear
  ---
  duration_ms: 8.062166
  ...
# Subtest: kill + first clear + next stage share one durable barrier; no advance/grant on failure
ok 69 - kill + first clear + next stage share one durable barrier; no advance/grant on failure
  ---
  duration_ms: 12.220417
  ...
# Subtest: TASK-0071 normalized schema-compatible state and owned/board/deployed invariants
ok 70 - TASK-0071 normalized schema-compatible state and owned/board/deployed invariants
  ---
  duration_ms: 30.144917
  ...
# Subtest: combat entities contain stable identities and integer timing independent of render transforms
ok 71 - combat entities contain stable identities and integer timing independent of render transforms
  ---
  duration_ms: 0.732459
  ...
# Subtest: spawn ordinal/ID ties are stable; dead, wrong encounter and disabled attackers clear stale targets
ok 72 - spawn ordinal/ID ties are stable; dead, wrong encounter and disabled attackers clear stale targets
  ---
  duration_ms: 0.229083
  ...
# Subtest: TASK-0073 write/read/flush failure preserves authoritative state/RNG/events and stable retry
ok 73 - TASK-0073 write/read/flush failure preserves authoritative state/RNG/events and stable retry
  ---
  duration_ms: 11.241708
  ...
# Subtest: TASK-0073 pending durability barrier publishes nothing before acknowledgement
ok 74 - TASK-0073 pending durability barrier publishes nothing before acknowledgement
  ---
  duration_ms: 0.581458
  ...
# Subtest: retry after acknowledged bytes but failed flush reuses timestamp under generation CAS; unrelated candidate cannot overwrite
ok 75 - retry after acknowledged bytes but failed flush reuses timestamp under generation CAS; unrelated candidate cannot overwrite
  ---
  duration_ms: 4.379125
  ...
# Subtest: 64 generated boards and 1024 reward/reject/retry commands preserve ownership, balance and watermarks
ok 76 - 64 generated boards and 1024 reward/reject/retry commands preserve ownership, balance and watermarks
  ---
  duration_ms: 1587.644708
  ...
# Subtest: nested allOf/anyOf respects each threshold; invalid/cyclic conditions cannot be enabled
ok 77 - nested allOf/anyOf respects each threshold; invalid/cyclic conditions cannot be enabled
  ---
  duration_ms: 1.406375
  ...
# Subtest: stage-three/final clears open rows; announcements survive reload independently and once only
ok 78 - stage-three/final clears open rows; announcements survive reload independently and once only
  ---
  duration_ms: 2.223333
  ...
# Subtest: presenter maps safe-area coordinates and cancellation/multi-pointer/stale/max drops preserve state
ok 79 - presenter maps safe-area coordinates and cancellation/multi-pointer/stale/max drops preserve state
  ---
  duration_ms: 31.685792
  ...
# Subtest: actual runtime stops at failed durable reward, retries once, then spawns fresh encounter after foreground transition
ok 80 - actual runtime stops at failed durable reward, retries once, then spawns fresh encounter after foreground transition
  ---
  duration_ms: 20.338416
  ...
# Subtest: labels show exact applied damage, isolate critical style, bound overlap and reject stale releases/replayed events
ok 81 - labels show exact applied damage, isolate critical style, bound overlap and reject stale releases/replayed events
  ---
  duration_ms: 16.758125
  ...
# Subtest: enemy leases release after death and stale completion cannot touch a reused view
ok 82 - enemy leases release after death and stale completion cannot touch a reused view
  ---
  duration_ms: 0.907917
  ...
# Subtest: hero projection preserves canonical anchors and semantic identity without modifying combat
ok 83 - hero projection preserves canonical anchors and semantic identity without modifying combat
  ---
  duration_ms: 2.060417
  ...
# Subtest: modal/tutorial priority, single owner and closing pointer-up consumption
ok 84 - modal/tutorial priority, single owner and closing pointer-up consumption
  ---
  duration_ms: 1.705834
  ...
# Subtest: native contract serializes temporary replace and preserves active candidates on transport failure
ok 85 - native contract serializes temporary replace and preserves active candidates on transport failure
  ---
  duration_ms: 0.918542
  ...
# Subtest: configured wave creates unique generation-scoped identities and no reward on spawn
ok 86 - configured wave creates unique generation-scoped identities and no reward on spawn
  ---
  duration_ms: 55.084042
  ...
# Subtest: varied render frames produce identical attacks/hits/death and wait for durable acknowledgement before clear
ok 87 - varied render frames produce identical attacks/hits/death and wait for durable acknowledgement before clear
  ---
  duration_ms: 22.438125
  ...
# Subtest: suspension freezes combat; withdrawn source cannot land a queued projectile
ok 88 - suspension freezes combat; withdrawn source cannot land a queued projectile
  ---
  duration_ms: 0.683042
  ...
# Subtest: redeploying the same owned hero does not reuse attack IDs or revive cancelled hits
ok 89 - redeploying the same owned hero does not reuse attack IDs or revive cancelled hits
  ---
  duration_ms: 1.331542
  ...
# Subtest: projectiles project only live current-generation hits; cosmetic pool exhaustion cannot change combat
ok 90 - projectiles project only live current-generation hits; cosmetic pool exhaustion cannot change combat
  ---
  duration_ms: 1.117167
  ...
# Subtest: hold serializes purchases; release, cancel, rejection and background leave no repeating work
ok 91 - hold serializes purchases; release, cancel, rejection and background leave no repeating work
  ---
  duration_ms: 1.622958
  ...
# Subtest: actual application reducer/runtime project sequential waves, first clear, boss timeout, farming and fresh retry
ok 92 - actual application reducer/runtime project sequential waves, first clear, boss timeout, farming and fresh retry
  ---
  duration_ms: 84.770041
  ...
1..92
# tests 92
# suites 0
# pass 92
# fail 0
# cancelled 0
# skipped 0
# todo 0
# duration_ms 6521.900834
