TAP version 13
# Subtest: kill, RNG and next encounter commit atomically; duplicate/reopen/pruned receipts never pay twice
ok 1 - kill, RNG and next encounter commit atomically; duplicate/reopen/pruned receipts never pay twice
  ---
  duration_ms: 112.523083
  ...
# Subtest: save failures retain the old whole state and retry exact kill sources
ok 2 - save failures retain the old whole state and retry exact kill sources
  ---
  duration_ms: 7.640917
  ...
# Subtest: forged source, duplicate entity and unsupported reward definition are rejected
ok 3 - forged source, duplicate entity and unsupported reward definition are rejected
  ---
  duration_ms: 6.532834
  ...
# Subtest: TASK-0073 write/read/flush failure preserves authoritative state/RNG/events and stable retry
ok 4 - TASK-0073 write/read/flush failure preserves authoritative state/RNG/events and stable retry
  ---
  duration_ms: 30.680542
  ...
# Subtest: TASK-0073 pending durability barrier publishes nothing before acknowledgement
ok 5 - TASK-0073 pending durability barrier publishes nothing before acknowledgement
  ---
  duration_ms: 1.718459
  ...
# Subtest: retry after acknowledged bytes but failed flush reuses timestamp under generation CAS; unrelated candidate cannot overwrite
ok 6 - retry after acknowledged bytes but failed flush reuses timestamp under generation CAS; unrelated candidate cannot overwrite
  ---
  duration_ms: 29.935709
  ...
# Subtest: actual runtime stops at failed durable reward, retries once, then spawns fresh encounter after foreground transition
ok 7 - actual runtime stops at failed durable reward, retries once, then spawns fresh encounter after foreground transition
  ---
  duration_ms: 199.35175
  ...
1..7
# tests 7
# suites 0
# pass 7
# fail 0
# cancelled 0
# skipped 0
# todo 0
# duration_ms 1196.929375
