TAP version 13
# Subtest: configured wave creates unique generation-scoped identities and no reward on spawn
ok 1 - configured wave creates unique generation-scoped identities and no reward on spawn
  ---
  duration_ms: 1.453
  ...
# Subtest: varied render frames produce identical attacks/hits/death and wait for durable acknowledgement before clear
ok 2 - varied render frames produce identical attacks/hits/death and wait for durable acknowledgement before clear
  ---
  duration_ms: 4.467541
  ...
# Subtest: suspension freezes combat; withdrawn source cannot land a queued projectile
ok 3 - suspension freezes combat; withdrawn source cannot land a queued projectile
  ---
  duration_ms: 0.411
  ...
# Subtest: redeploying the same owned hero does not reuse attack IDs or revive cancelled hits
ok 4 - redeploying the same owned hero does not reuse attack IDs or revive cancelled hits
  ---
  duration_ms: 0.597958
  ...
# Subtest: unreviewed policies rejected; chapter enemy counterattacks explicitly disabled
ok 5 - unreviewed policies rejected; chapter enemy counterattacks explicitly disabled
  ---
  duration_ms: 2.406833
  ...
1..5
# tests 5
# suites 0
# pass 5
# fail 0
# cancelled 0
# skipped 0
# todo 0
# duration_ms 695.636042
