TAP version 13
# Subtest: TASK-0070 exact debit/credit and serialization above safe integer
ok 1 - TASK-0070 exact debit/credit and serialization above safe integer
  ---
  duration_ms: 4.276042
  ...
# Subtest: combat entities contain stable identities and integer timing independent of render transforms
ok 2 - combat entities contain stable identities and integer timing independent of render transforms
  ---
  duration_ms: 0.744875
  ...
# Subtest: attacks occur at exact configured ticks with stable order and immutable stat snapshots
ok 3 - attacks occur at exact configured ticks with stable order and immutable stat snapshots
  ---
  duration_ms: 3.27675
  ...
# Subtest: definition stays immutable and separate from independently owned instances
ok 4 - definition stays immutable and separate from independently owned instances
  ---
  duration_ms: 2.309084
  ...
# Subtest: 1000 seeded cascades conserve tier mass, terminate and reproduce results independent of presentation
ok 5 - 1000 seeded cascades conserve tier mass, terminate and reproduce results independent of presentation
  ---
  duration_ms: 280.387458
  ...
# Subtest: 60-minute reservation charges once; disabling preserves expiry; clock rollback cannot extend it
ok 6 - 60-minute reservation charges once; disabling preserves expiry; clock rollback cannot extend it
  ---
  duration_ms: 0.912833
  ...
# Subtest: definition stays immutable and separate from independently owned instances
ok 7 - definition stays immutable and separate from independently owned instances
  ---
  duration_ms: 0.70775
  ...
# Subtest: merge compatibility validates result map, family, self/max and deployed policy without mutation
ok 8 - merge compatibility validates result map, family, self/max and deployed policy without mutation
  ---
  duration_ms: 0.7565
  ...
# Subtest: ambiguous triple chooses stable low destination and stops for disabled, expired or locked entitlement
ok 9 - ambiguous triple chooses stable low destination and stops for disabled, expired or locked entitlement
  ---
  duration_ms: 0.293166
  ...
# Subtest: configured wave creates unique generation-scoped identities and no reward on spawn
ok 10 - configured wave creates unique generation-scoped identities and no reward on spawn
  ---
  duration_ms: 1.443666
  ...
# Subtest: varied render frames produce identical attacks/hits/death and wait for durable acknowledgement before clear
ok 11 - varied render frames produce identical attacks/hits/death and wait for durable acknowledgement before clear
  ---
  duration_ms: 6.568167
  ...
# Subtest: suspension freezes combat; withdrawn source cannot land a queued projectile
ok 12 - suspension freezes combat; withdrawn source cannot land a queued projectile
  ---
  duration_ms: 0.402209
  ...
# Subtest: redeploying the same owned hero does not reuse attack IDs or revive cancelled hits
ok 13 - redeploying the same owned hero does not reuse attack IDs or revive cancelled hits
  ---
  duration_ms: 0.418667
  ...
# Subtest: 15 stable slots start with five open; only explicit unlocks open others; duplicates reject
ok 14 - 15 stable slots start with five open; only explicit unlocks open others; duplicates reject
  ---
  duration_ms: 2.774167
  ...
# Subtest: timeout failure and free manual retry persist across reopen, reject stale/early calls, and cannot replay
ok 15 - timeout failure and free manual retry persist across reopen, reject stale/early calls, and cannot replay
  ---
  duration_ms: 11.188916
  ...
# Subtest: configured deadline is 160 ticks; lethal tie wins, later hit loses, terminal result stays exclusive
ok 16 - configured deadline is 160 ticks; lethal tie wins, later hit loses, terminal result stays exclusive
  ---
  duration_ms: 0.53625
  ...
# Subtest: foreground fixed ticks define the deadline; suspension and catch-up caps cannot consume background wall time
ok 17 - foreground fixed ticks define the deadline; suspension and catch-up caps cannot consume background wall time
  ---
  duration_ms: 0.989083
  ...
# Subtest: split elapsed batches yield the same ticks; stalls are bounded; suspend drops background time
ok 18 - split elapsed batches yield the same ticks; stalls are bounded; suspend drops background time
  ---
  duration_ms: 1.023125
  ...
# Subtest: combat entities contain stable identities and integer timing independent of render transforms
ok 19 - combat entities contain stable identities and integer timing independent of render transforms
  ---
  duration_ms: 0.649584
  ...
# Subtest: TASK-0050 validates shape before semantics, reports file+field, immutable result
ok 20 - TASK-0050 validates shape before semantics, reports file+field, immutable result
  ---
  duration_ms: 3.338875
  ...
# Subtest: combat entities contain stable identities and integer timing independent of render transforms
ok 21 - combat entities contain stable identities and integer timing independent of render transforms
  ---
  duration_ms: 2.028583
  ...
# Subtest: due hits resolve once in stable order; dead/stale targets and removed sources cancel; capacity failure is atomic
ok 22 - due hits resolve once in stable order; dead/stale targets and removed sources cancel; capacity failure is atomic
  ---
  duration_ms: 0.761917
  ...
# Subtest: integer critical rounding, defense, min damage and HP clamp; duplicate hit never draws or damages again
ok 23 - integer critical rounding, defense, min damage and HP clamp; duplicate hit never draws or damages again
  ---
  duration_ms: 0.560209
  ...
# Subtest: combat entities contain stable identities and integer timing independent of render transforms
ok 24 - combat entities contain stable identities and integer timing independent of render transforms
  ---
  duration_ms: 0.66025
  ...
# Subtest: due hits resolve once in stable order; dead/stale targets and removed sources cancel; capacity failure is atomic
ok 25 - due hits resolve once in stable order; dead/stale targets and removed sources cancel; capacity failure is atomic
  ---
  duration_ms: 0.72525
  ...
# Subtest: simultaneous lethal hits yield one death and one immutable encounter-specific reward source
ok 26 - simultaneous lethal hits yield one death and one immutable encounter-specific reward source
  ---
  duration_ms: 0.391917
  ...
# Subtest: definition stays immutable and separate from independently owned instances
ok 27 - definition stays immutable and separate from independently owned instances
  ---
  duration_ms: 0.74325
  ...
# Subtest: merge compatibility validates result map, family, self/max and deployed policy without mutation
ok 28 - merge compatibility validates result map, family, self/max and deployed policy without mutation
  ---
  duration_ms: 0.754833
  ...
# Subtest: deployment retains ownership/slot; cap and missing hero reject; repeated withdrawal is harmless
ok 29 - deployment retains ownership/slot; cap and missing hero reject; repeated withdrawal is harmless
  ---
  duration_ms: 0.350333
  ...
# Subtest: tier discovery pays once with a durable source token and missing reward cannot partially mark tier
ok 30 - tier discovery pays once with a durable source token and missing reward cannot partially mark tier
  ---
  duration_ms: 1.239375
  ...
# Subtest: TASK-0072 queue, stale revision, invalid draft/RNG rollback and duplicate identity
ok 31 - TASK-0072 queue, stale revision, invalid draft/RNG rollback and duplicate identity
  ---
  duration_ms: 3.708917
  ...
# Subtest: definition stays immutable and separate from independently owned instances
ok 32 - definition stays immutable and separate from independently owned instances
  ---
  duration_ms: 1.860667
  ...
# Subtest: combat entities contain stable identities and integer timing independent of render transforms
ok 33 - combat entities contain stable identities and integer timing independent of render transforms
  ---
  duration_ms: 0.686833
  ...
# Subtest: due hits resolve once in stable order; dead/stale targets and removed sources cancel; capacity failure is atomic
ok 34 - due hits resolve once in stable order; dead/stale targets and removed sources cancel; capacity failure is atomic
  ---
  duration_ms: 0.636583
  ...
# Subtest: 20 rapid purchases serialize with cascades, spend exact funds and survive interrupted observers
ok 35 - 20 rapid purchases serialize with cascades, spend exact funds and survive interrupted observers
  ---
  duration_ms: 215.504958
  ...
# Subtest: deployed pair merges on a full board; failed flush restores either whole transaction, never half a merge
ok 36 - deployed pair merges on a full board; failed flush restores either whole transaction, never half a merge
  ---
  duration_ms: 1.803167
  ...
# Subtest: kill, RNG and next encounter commit atomically; duplicate/reopen/pruned receipts never pay twice
ok 37 - kill, RNG and next encounter commit atomically; duplicate/reopen/pruned receipts never pay twice
  ---
  duration_ms: 85.981667
  ...
# Subtest: save failures retain the old whole state and retry exact kill sources
ok 38 - save failures retain the old whole state and retry exact kill sources
  ---
  duration_ms: 6.771292
  ...
# Subtest: forged source, duplicate entity and unsupported reward definition are rejected
ok 39 - forged source, duplicate entity and unsupported reward definition are rejected
  ---
  duration_ms: 1.99925
  ...
# Subtest: definition stays immutable and separate from independently owned instances
ok 40 - definition stays immutable and separate from independently owned instances
  ---
  duration_ms: 35.959875
  ...
# Subtest: merge compatibility validates result map, family, self/max and deployed policy without mutation
ok 41 - merge compatibility validates result map, family, self/max and deployed policy without mutation
  ---
  duration_ms: 4.223667
  ...
# Subtest: definition stays immutable and separate from independently owned instances
ok 42 - definition stays immutable and separate from independently owned instances
  ---
  duration_ms: 1.8445
  ...
# Subtest: merge compatibility validates result map, family, self/max and deployed policy without mutation
ok 43 - merge compatibility validates result map, family, self/max and deployed policy without mutation
  ---
  duration_ms: 0.924542
  ...
# Subtest: merge consumes two into destination once, discovery shares transaction, failure restores both
ok 44 - merge consumes two into destination once, discovery shares transaction, failure restores both
  ---
  duration_ms: 8.379333
  ...
# Subtest: definition stays immutable and separate from independently owned instances
ok 45 - definition stays immutable and separate from independently owned instances
  ---
  duration_ms: 0.708708
  ...
# Subtest: quotes expose exact funds, full/locked/table-end reasons with no mutation
ok 46 - quotes expose exact funds, full/locked/table-end reasons with no mutation
  ---
  duration_ms: 0.750458
  ...
# Subtest: definition stays immutable and separate from independently owned instances
ok 47 - definition stays immutable and separate from independently owned instances
  ---
  duration_ms: 0.664584
  ...
# Subtest: quotes expose exact funds, full/locked/table-end reasons with no mutation
ok 48 - quotes expose exact funds, full/locked/table-end reasons with no mutation
  ---
  duration_ms: 0.834583
  ...
# Subtest: 20 queued purchases accept exactly five slots, no negative balance, and survive duplicate after reload
ok 49 - 20 queued purchases accept exactly five slots, no negative balance, and survive duplicate after reload
  ---
  duration_ms: 26.649791
  ...
# Subtest: equal price buys once; one less and failed save leave every authoritative field unchanged
ok 50 - equal price buys once; one less and failed save leave every authoritative field unchanged
  ---
  duration_ms: 1.195083
  ...
# Subtest: unreviewed policies rejected; chapter enemy counterattacks explicitly disabled
ok 51 - unreviewed policies rejected; chapter enemy counterattacks explicitly disabled
  ---
  duration_ms: 2.894417
  ...
# Subtest: mixed grants are exact, atomic and source-idempotent even with another command ID
ok 52 - mixed grants are exact, atomic and source-idempotent even with another command ID
  ---
  duration_ms: 0.969959
  ...
# Subtest: failed durable reward emits nothing; retry and reentrant duplicate pay once
ok 53 - failed durable reward emits nothing; retry and reentrant duplicate pay once
  ---
  duration_ms: 88.0525
  ...
# Subtest: xoshiro known vector, restore and stream independence
ok 54 - xoshiro known vector, restore and stream independence
  ---
  duration_ms: 17.500458
  ...
# Subtest: canonical roundtrip validates entire schema, corruption, future data and malformed nested state
ok 55 - canonical roundtrip validates entire schema, corruption, future data and malformed nested state
  ---
  duration_ms: 40.503042
  ...
# Subtest: recovery selects newest supported generation and retains corrupt/future/conflicting bytes without reset
ok 56 - recovery selects newest supported generation and retains corrupt/future/conflicting bytes without reset
  ---
  duration_ms: 7.865541
  ...
# Subtest: selectors preserve state and derive numeric values from authoritative inputs
ok 57 - selectors preserve state and derive numeric values from authoritative inputs
  ---
  duration_ms: 1.691916
  ...
# Subtest: TASK-0051 immutable copy, stable order, reentrant queue, observer isolation and disposal
ok 58 - TASK-0051 immutable copy, stable order, reentrant queue, observer isolation and disposal
  ---
  duration_ms: 4.268791
  ...
# Subtest: TASK-0052 deterministic ports, namespace isolation, injected save failure leaves prior bytes
ok 59 - TASK-0052 deterministic ports, namespace isolation, injected save failure leaves prior bytes
  ---
  duration_ms: 2.74975
  ...
# Subtest: UT007/008/020: twenty seeded hits are identical across 120/60/30/10 FPS and reduced cosmetic budgets
ok 60 - UT007/008/020: twenty seeded hits are identical across 120/60/30/10 FPS and reduced cosmetic budgets
  ---
  duration_ms: 35.525416
  ...
# Subtest: UT009: mutual lethal hits resolve once in the same tick and wait for durable reward acknowledgement
ok 61 - UT009: mutual lethal hits resolve once in the same tick and wait for durable reward acknowledgement
  ---
  duration_ms: 0.457166
  ...
# Subtest: UT010/020: zero targets and suspended clocks neither attack nor invent elapsed combat
ok 62 - UT010/020: zero targets and suspended clocks neither attack nor invent elapsed combat
  ---
  duration_ms: 0.184708
  ...
# Subtest: UT010: stale target/encounter and saturated hit pool fail without retargeting or partial enqueue
ok 63 - UT010: stale target/encounter and saturated hit pool fail without retargeting or partial enqueue
  ---
  duration_ms: 0.134584
  ...
# Subtest: UT007: zero damage consumes no RNG; maximum safe hit clamps HP; overflow leaves target unchanged
ok 64 - UT007: zero damage consumes no RNG; maximum safe hit clamps HP; overflow leaves target unchanged
  ---
  duration_ms: 0.139583
  ...
# Subtest: six-stage chain yields identical durable results at 16/33/100ms cadence; terminal farm never repeats first-clear
ok 65 - six-stage chain yields identical durable results at 16/33/100ms cadence; terminal farm never repeats first-clear
  ---
  duration_ms: 983.254333
  ...
# Subtest: failed boss survives save/reopen; retry creates new identity and rejects an uncommitted stale kill
ok 66 - failed boss survives save/reopen; retry creates new identity and rejects an uncommitted stale kill
  ---
  duration_ms: 7.569291
  ...
# Subtest: actual scheduled hit wins exactly on boss deadline; the previous tick deadline fails with no first-clear
ok 67 - actual scheduled hit wins exactly on boss deadline; the previous tick deadline fails with no first-clear
  ---
  duration_ms: 1.098083
  ...
# Subtest: active application boundary rejects wrong wave, nonexistent entity, altered reward and incomplete clear
ok 68 - active application boundary rejects wrong wave, nonexistent entity, altered reward and incomplete clear
  ---
  duration_ms: 0.701417
  ...
# Subtest: configured wave creates unique generation-scoped identities and no reward on spawn
ok 69 - configured wave creates unique generation-scoped identities and no reward on spawn
  ---
  duration_ms: 1.426292
  ...
# Subtest: explicit six-stage graph preserves ordinal/waves/terminal and unique manual boss farm references
ok 70 - explicit six-stage graph preserves ordinal/waves/terminal and unique manual boss farm references
  ---
  duration_ms: 0.839958
  ...
# Subtest: reject duplicate ordinals, dangling next/enemy/world/reward, cycle and invalid farm/timer/capacity
ok 71 - reject duplicate ordinals, dangling next/enemy/world/reward, cycle and invalid farm/timer/capacity
  ---
  duration_ms: 0.75875
  ...
# Subtest: only the matching recorded final death advances; duplicate/stale notifications do nothing
ok 72 - only the matching recorded final death advances; duplicate/stale notifications do nothing
  ---
  duration_ms: 2.563875
  ...
# Subtest: sequential waves persist their cursor; manual farm stays put; terminal stage is repeatable
ok 73 - sequential waves persist their cursor; manual farm stays put; terminal stage is repeatable
  ---
  duration_ms: 0.261375
  ...
# Subtest: first clear is once per stage across repeat farming, pruning, reopen, and out-of-order lower clear
ok 74 - first clear is once per stage across repeat farming, pruning, reopen, and out-of-order lower clear
  ---
  duration_ms: 17.141625
  ...
# Subtest: kill + first clear + next stage share one durable barrier; no advance/grant on failure
ok 75 - kill + first clear + next stage share one durable barrier; no advance/grant on failure
  ---
  duration_ms: 21.153084
  ...
# Subtest: TASK-0071 normalized schema-compatible state and owned/board/deployed invariants
ok 76 - TASK-0071 normalized schema-compatible state and owned/board/deployed invariants
  ---
  duration_ms: 2.117708
  ...
# Subtest: combat entities contain stable identities and integer timing independent of render transforms
ok 77 - combat entities contain stable identities and integer timing independent of render transforms
  ---
  duration_ms: 0.660166
  ...
# Subtest: spawn ordinal/ID ties are stable; dead, wrong encounter and disabled attackers clear stale targets
ok 78 - spawn ordinal/ID ties are stable; dead, wrong encounter and disabled attackers clear stale targets
  ---
  duration_ms: 0.214334
  ...
# Subtest: TASK-0073 write/read/flush failure preserves authoritative state/RNG/events and stable retry
ok 79 - TASK-0073 write/read/flush failure preserves authoritative state/RNG/events and stable retry
  ---
  duration_ms: 18.280292
  ...
# Subtest: TASK-0073 pending durability barrier publishes nothing before acknowledgement
ok 80 - TASK-0073 pending durability barrier publishes nothing before acknowledgement
  ---
  duration_ms: 0.593541
  ...
# Subtest: retry after acknowledged bytes but failed flush reuses timestamp under generation CAS; unrelated candidate cannot overwrite
ok 81 - retry after acknowledged bytes but failed flush reuses timestamp under generation CAS; unrelated candidate cannot overwrite
  ---
  duration_ms: 5.915917
  ...
# Subtest: 64 generated boards and 1024 reward/reject/retry commands preserve ownership, balance and watermarks
ok 82 - 64 generated boards and 1024 reward/reject/retry commands preserve ownership, balance and watermarks
  ---
  duration_ms: 791.642542
  ...
# Subtest: nested allOf/anyOf respects each threshold; invalid/cyclic conditions cannot be enabled
ok 83 - nested allOf/anyOf respects each threshold; invalid/cyclic conditions cannot be enabled
  ---
  duration_ms: 0.900083
  ...
# Subtest: stage-three/final clears open rows; announcements survive reload independently and once only
ok 84 - stage-three/final clears open rows; announcements survive reload independently and once only
  ---
  duration_ms: 6.104042
  ...
# Subtest: all source matrix events have runtime profiles with explicit reduced/low fallbacks
ok 85 - all source matrix events have runtime profiles with explicit reduced/low fallbacks
  ---
  duration_ms: 3.07125
  ...
# Subtest: death interrupts attack once; repeated hits and stale callbacks cannot restart or resurrect a reused target
ok 86 - death interrupts attack once; repeated hits and stale callbacks cannot restart or resurrect a reused target
  ---
  duration_ms: 0.348792
  ...
# Subtest: mode switch and scene exit reset every cosmetic resource without changing the core snapshot
ok 87 - mode switch and scene exit reset every cosmetic resource without changing the core snapshot
  ---
  duration_ms: 0.656917
  ...
# Subtest: synchronous completion and failed starts leave no active handle or retained resource
ok 88 - synchronous completion and failed starts leave no active handle or retained resource
  ---
  duration_ms: 0.140584
  ...
# Subtest: presenter maps safe-area coordinates and cancellation/multi-pointer/stale/max drops preserve state
ok 89 - presenter maps safe-area coordinates and cancellation/multi-pointer/stale/max drops preserve state
  ---
  duration_ms: 24.594083
  ...
# Subtest: actual runtime stops at failed durable reward, retries once, then spawns fresh encounter after foreground transition
ok 90 - actual runtime stops at failed durable reward, retries once, then spawns fresh encounter after foreground transition
  ---
  duration_ms: 24.272959
  ...
# Subtest: labels show exact applied damage, isolate critical style, bound overlap and reject stale releases/replayed events
ok 91 - labels show exact applied damage, isolate critical style, bound overlap and reject stale releases/replayed events
  ---
  duration_ms: 3.994667
  ...
# Subtest: saturation drops cosmetic acquisition; recycled lease cannot be released by an old completion
ok 92 - saturation drops cosmetic acquisition; recycled lease cannot be released by an old completion
  ---
  duration_ms: 0.944125
  ...
# Subtest: director cancellation midway releases all owned callbacks; repeated scenes return to baseline
ok 93 - director cancellation midway releases all owned callbacks; repeated scenes return to baseline
  ---
  duration_ms: 3.7155
  ...
# Subtest: one failing cleanup cannot leak sibling resources or recycle a value before reset finishes
ok 94 - one failing cleanup cannot leak sibling resources or recycle a value before reset finishes
  ---
  duration_ms: 0.901625
  ...
# Subtest: failed resets quarantine the slot; scene disposal still cleans sibling effects
ok 95 - failed resets quarantine the slot; scene disposal still cleans sibling effects
  ---
  duration_ms: 0.789875
  ...
# Subtest: boss profiles differ while reduced motion retains opacity-only completion
ok 96 - boss profiles differ while reduced motion retains opacity-only completion
  ---
  duration_ms: 0.518667
  ...
# Subtest: boss scene exit during death releases cosmetic ownership; stale callback cannot remove the new encounter
ok 97 - boss scene exit during death releases cosmetic ownership; stale callback cannot remove the new encounter
  ---
  duration_ms: 0.567083
  ...
# Subtest: enemy leases release after death and stale completion cannot touch a reused view
ok 98 - enemy leases release after death and stale completion cannot touch a reused view
  ---
  duration_ms: 5.088833
  ...
# Subtest: hit markers align to actual 0/50/150/350ms domain deadlines, including late presentation
ok 99 - hit markers align to actual 0/50/150/350ms domain deadlines, including late presentation
  ---
  duration_ms: 0.993084
  ...
# Subtest: hit interrupts an attack; death rejects subsequent hit callbacks and target generation changes
ok 100 - hit interrupts an attack; death rejects subsequent hit callbacks and target generation changes
  ---
  duration_ms: 0.296375
  ...
# Subtest: all ten calibrated families have contain-correct anchors and bounded spawn overshoot
ok 101 - all ten calibrated families have contain-correct anchors and bounded spawn overshoot
  ---
  duration_ms: 1.006833
  ...
# Subtest: hero projection preserves canonical anchors and semantic identity without modifying combat
ok 102 - hero projection preserves canonical anchors and semantic identity without modifying combat
  ---
  duration_ms: 1.056208
  ...
# Subtest: modal/tutorial priority, single owner and closing pointer-up consumption
ok 103 - modal/tutorial priority, single owner and closing pointer-up consumption
  ---
  duration_ms: 0.703
  ...
# Subtest: merge presentation begins after durable commit, deduplicates replay and cancellation preserves the result and reward
ok 104 - merge presentation begins after durable commit, deduplicates replay and cancellation preserves the result and reward
  ---
  duration_ms: 3.182958
  ...
# Subtest: failed saves never create merge ghosts, hide board heroes or grant discovery
ok 105 - failed saves never create merge ghosts, hide board heroes or grant discovery
  ---
  duration_ms: 1.1815
  ...
# Subtest: timeline joins convergence, shrink, reveal and settle at 650ms
ok 106 - timeline joins convergence, shrink, reveal and settle at 650ms
  ---
  duration_ms: 0.700708
  ...
# Subtest: native contract serializes temporary replace and preserves active candidates on transport failure
ok 107 - native contract serializes temporary replace and preserves active candidates on transport failure
  ---
  duration_ms: 0.835792
  ...
# Subtest: configured wave creates unique generation-scoped identities and no reward on spawn
ok 108 - configured wave creates unique generation-scoped identities and no reward on spawn
  ---
  duration_ms: 1.093667
  ...
# Subtest: varied render frames produce identical attacks/hits/death and wait for durable acknowledgement before clear
ok 109 - varied render frames produce identical attacks/hits/death and wait for durable acknowledgement before clear
  ---
  duration_ms: 4.33225
  ...
# Subtest: suspension freezes combat; withdrawn source cannot land a queued projectile
ok 110 - suspension freezes combat; withdrawn source cannot land a queued projectile
  ---
  duration_ms: 0.35525
  ...
# Subtest: redeploying the same owned hero does not reuse attack IDs or revive cancelled hits
ok 111 - redeploying the same owned hero does not reuse attack IDs or revive cancelled hits
  ---
  duration_ms: 0.737791
  ...
# Subtest: projectiles project only live current-generation hits; cosmetic pool exhaustion cannot change combat
ok 112 - projectiles project only live current-generation hits; cosmetic pool exhaustion cannot change combat
  ---
  duration_ms: 0.616667
  ...
# Subtest: hold serializes purchases; release, cancel, rejection and background leave no repeating work
ok 113 - hold serializes purchases; release, cancel, rejection and background leave no repeating work
  ---
  duration_ms: 0.645583
  ...
# Subtest: actual application reducer/runtime project sequential waves, first clear, boss timeout, farming and fresh retry
ok 114 - actual application reducer/runtime project sequential waves, first clear, boss timeout, farming and fresh retry
  ---
  duration_ms: 38.10125
  ...
1..114
# tests 114
# suites 0
# pass 114
# fail 0
# cancelled 0
# skipped 0
# todo 0
# duration_ms 3210.413375
