TAP version 13
# Subtest: all source matrix events have runtime profiles with explicit reduced/low fallbacks
ok 1 - all source matrix events have runtime profiles with explicit reduced/low fallbacks
  ---
  duration_ms: 1.994375
  ...
# Subtest: death interrupts attack once; repeated hits and stale callbacks cannot restart or resurrect a reused target
ok 2 - death interrupts attack once; repeated hits and stale callbacks cannot restart or resurrect a reused target
  ---
  duration_ms: 0.317917
  ...
# Subtest: mode switch and scene exit reset every cosmetic resource without changing the core snapshot
ok 3 - mode switch and scene exit reset every cosmetic resource without changing the core snapshot
  ---
  duration_ms: 0.59725
  ...
# Subtest: synchronous completion and failed starts leave no active handle or retained resource
ok 4 - synchronous completion and failed starts leave no active handle or retained resource
  ---
  duration_ms: 0.461083
  ...
1..4
# tests 4
# suites 0
# pass 4
# fail 0
# cancelled 0
# skipped 0
# todo 0
# duration_ms 319.885834
