TAP version 13
# Subtest: 20 rapid purchases serialize with cascades, spend exact funds and survive interrupted observers
ok 1 - 20 rapid purchases serialize with cascades, spend exact funds and survive interrupted observers
  ---
  duration_ms: 17.856125
  ...
# Subtest: deployed pair merges on a full board; failed flush restores either whole transaction, never half a merge
ok 2 - deployed pair merges on a full board; failed flush restores either whole transaction, never half a merge
  ---
  duration_ms: 1.025
  ...
# Subtest: definition stays immutable and separate from independently owned instances
ok 3 - definition stays immutable and separate from independently owned instances
  ---
  duration_ms: 0.733209
  ...
# Subtest: merge compatibility validates result map, family, self/max and deployed policy without mutation
ok 4 - merge compatibility validates result map, family, self/max and deployed policy without mutation
  ---
  duration_ms: 0.912875
  ...
# Subtest: presenter maps safe-area coordinates and cancellation/multi-pointer/stale/max drops preserve state
ok 5 - presenter maps safe-area coordinates and cancellation/multi-pointer/stale/max drops preserve state
  ---
  duration_ms: 4.029042
  ...
1..5
# tests 5
# suites 0
# pass 5
# fail 0
# cancelled 0
# skipped 0
# todo 0
# duration_ms 335.135084
