TAP version 13
# Subtest: atomic cascade preserves every cue in committed order, coalesces consumed heroes and caps intensity/pitch
ok 1 - atomic cascade preserves every cue in committed order, coalesces consumed heroes and caps intensity/pitch
  ---
  duration_ms: 14.259167
  ...
# Subtest: four-ring pool saturation, stale completion and clear never remove a committed result
ok 2 - four-ring pool saturation, stale completion and clear never remove a committed result
  ---
  duration_ms: 5.116292
  ...
# Subtest: ancestry expires after the proposed 1.5 second chain window and on scene interruption
ok 3 - ancestry expires after the proposed 1.5 second chain window and on scene interruption
  ---
  duration_ms: 2.413208
  ...
# Subtest: merge presentation begins after durable commit, deduplicates replay and cancellation preserves the result and reward
ok 4 - merge presentation begins after durable commit, deduplicates replay and cancellation preserves the result and reward
  ---
  duration_ms: 4.066792
  ...
# Subtest: failed saves never create merge ghosts, hide board heroes or grant discovery
ok 5 - failed saves never create merge ghosts, hide board heroes or grant discovery
  ---
  duration_ms: 0.750041
  ...
# Subtest: timeline joins convergence, shrink, reveal and settle at 650ms
ok 6 - timeline joins convergence, shrink, reveal and settle at 650ms
  ---
  duration_ms: 0.221292
  ...
1..6
# tests 6
# suites 0
# pass 6
# fail 0
# cancelled 0
# skipped 0
# todo 0
# duration_ms 615.986625
