TAP version 13
# Subtest: all ten calibrated families have contain-correct anchors and bounded spawn overshoot
ok 1 - all ten calibrated families have contain-correct anchors and bounded spawn overshoot
  ---
  duration_ms: 0.929
  ...
# Subtest: configured wave creates unique generation-scoped identities and no reward on spawn
ok 2 - configured wave creates unique generation-scoped identities and no reward on spawn
  ---
  duration_ms: 1.390792
  ...
# Subtest: varied render frames produce identical attacks/hits/death and wait for durable acknowledgement before clear
ok 3 - varied render frames produce identical attacks/hits/death and wait for durable acknowledgement before clear
  ---
  duration_ms: 3.42225
  ...
# Subtest: suspension freezes combat; withdrawn source cannot land a queued projectile
ok 4 - suspension freezes combat; withdrawn source cannot land a queued projectile
  ---
  duration_ms: 0.341667
  ...
# Subtest: redeploying the same owned hero does not reuse attack IDs or revive cancelled hits
ok 5 - redeploying the same owned hero does not reuse attack IDs or revive cancelled hits
  ---
  duration_ms: 0.339125
  ...
# Subtest: projectiles project only live current-generation hits; cosmetic pool exhaustion cannot change combat
ok 6 - projectiles project only live current-generation hits; cosmetic pool exhaustion cannot change combat
  ---
  duration_ms: 0.6685
  ...
# Subtest: all ten release sockets use contain-fit coordinates; original art is bounded in every quality profile
ok 7 - all ten release sockets use contain-fit coordinates; original art is bounded in every quality profile
  ---
  duration_ms: 0.219208
  ...
1..7
# tests 7
# suites 0
# pass 7
# fail 0
# cancelled 0
# skipped 0
# todo 0
# duration_ms 260.416625
